Archive member included to satisfy reference by file (symbol)

c:/program files (x86)/atollic/truestudio for stm32 9.3.0/armtools/bin/../lib/gcc/arm-atollic-eabi/6.3.1/../../../../arm-atollic-eabi/lib/armv7e-m/fpu\libc_nano.a(lib_a-errno.o)
                              Src\syscalls.o (__errno)
c:/program files (x86)/atollic/truestudio for stm32 9.3.0/armtools/bin/../lib/gcc/arm-atollic-eabi/6.3.1/../../../../arm-atollic-eabi/lib/armv7e-m/fpu\libc_nano.a(lib_a-impure.o)
                              c:/program files (x86)/atollic/truestudio for stm32 9.3.0/armtools/bin/../lib/gcc/arm-atollic-eabi/6.3.1/../../../../arm-atollic-eabi/lib/armv7e-m/fpu\libc_nano.a(lib_a-errno.o) (_impure_ptr)
c:/program files (x86)/atollic/truestudio for stm32 9.3.0/armtools/bin/../lib/gcc/arm-atollic-eabi/6.3.1/../../../../arm-atollic-eabi/lib/armv7e-m/fpu\libc_nano.a(lib_a-init.o)
                              startup\startup_stm32l476xx.o (__libc_init_array)
c:/program files (x86)/atollic/truestudio for stm32 9.3.0/armtools/bin/../lib/gcc/arm-atollic-eabi/6.3.1/../../../../arm-atollic-eabi/lib/armv7e-m/fpu\libc_nano.a(lib_a-memset.o)
                              Src\main.o (memset)
c:/program files (x86)/atollic/truestudio for stm32 9.3.0/armtools/bin/../lib/gcc/arm-atollic-eabi/6.3.1/armv7e-m/fpu\libgcc.a(_aeabi_uldivmod.o)
                              Drivers\STM32L4xx_HAL_Driver\Src\stm32l4xx_hal_uart.o (__aeabi_uldivmod)
c:/program files (x86)/atollic/truestudio for stm32 9.3.0/armtools/bin/../lib/gcc/arm-atollic-eabi/6.3.1/armv7e-m/fpu\libgcc.a(_udivmoddi4.o)
                              c:/program files (x86)/atollic/truestudio for stm32 9.3.0/armtools/bin/../lib/gcc/arm-atollic-eabi/6.3.1/armv7e-m/fpu\libgcc.a(_aeabi_uldivmod.o) (__udivmoddi4)
c:/program files (x86)/atollic/truestudio for stm32 9.3.0/armtools/bin/../lib/gcc/arm-atollic-eabi/6.3.1/armv7e-m/fpu\libgcc.a(_dvmd_tls.o)
                              c:/program files (x86)/atollic/truestudio for stm32 9.3.0/armtools/bin/../lib/gcc/arm-atollic-eabi/6.3.1/armv7e-m/fpu\libgcc.a(_aeabi_uldivmod.o) (__aeabi_ldiv0)

Allocating common symbols
Common symbol       size              file

sign                0x1               Src\main.o
Received            0x3               Src\main.o
hdma_usart2_rx      0x48              Src\usart.o
pid                 0x3c              Src\main.o
htim4               0x40              Src\tim.o
pwm_dutyL           0x4               Src\main.o
yprevious           0x1               Src\main.o
uwTick              0x4               Drivers\STM32L4xx_HAL_Driver\Src\stm32l4xx_hal.o
htim5               0x40              Src\tim.o
flag2               0x4               Src\main.o
xsign               0x1               Src\main.o
hdma_usart2_tx      0x48              Src\usart.o
period1             0x4               Src\main.o
flag1               0x4               Src\main.o
axis                0x1               Src\main.o
pwm_dutyP           0x4               Src\main.o
speed               0x4               Src\main.o
htim2               0x40              Src\tim.o
yvalue              0x1               Src\main.o
huart2              0x78              Src\usart.o
xprevious           0x1               Src\main.o
xvalue              0x1               Src\main.o
value               0x1               Src\main.o

Discarded input sections

 .text          0x00000000        0x0 c:/program files (x86)/atollic/truestudio for stm32 9.3.0/armtools/bin/../lib/gcc/arm-atollic-eabi/6.3.1/armv7e-m/fpu/crti.o
 .data          0x00000000        0x0 c:/program files (x86)/atollic/truestudio for stm32 9.3.0/armtools/bin/../lib/gcc/arm-atollic-eabi/6.3.1/armv7e-m/fpu/crti.o
 .bss           0x00000000        0x0 c:/program files (x86)/atollic/truestudio for stm32 9.3.0/armtools/bin/../lib/gcc/arm-atollic-eabi/6.3.1/armv7e-m/fpu/crti.o
 .data          0x00000000        0x4 c:/program files (x86)/atollic/truestudio for stm32 9.3.0/armtools/bin/../lib/gcc/arm-atollic-eabi/6.3.1/armv7e-m/fpu/crtbegin.o
 .text          0x00000000        0x0 Drivers\STM32L4xx_HAL_Driver\Src\stm32l4xx_hal.o
 .data          0x00000000        0x0 Drivers\STM32L4xx_HAL_Driver\Src\stm32l4xx_hal.o
 .bss           0x00000000        0x0 Drivers\STM32L4xx_HAL_Driver\Src\stm32l4xx_hal.o
 .text.HAL_DeInit
                0x00000000       0x58 Drivers\STM32L4xx_HAL_Driver\Src\stm32l4xx_hal.o
 .text.HAL_MspInit
                0x00000000        0xe Drivers\STM32L4xx_HAL_Driver\Src\stm32l4xx_hal.o
 .text.HAL_MspDeInit
                0x00000000        0xe Drivers\STM32L4xx_HAL_Driver\Src\stm32l4xx_hal.o
 .text.HAL_Delay
                0x00000000       0x3a Drivers\STM32L4xx_HAL_Driver\Src\stm32l4xx_hal.o
 .text.HAL_SuspendTick
                0x00000000       0x20 Drivers\STM32L4xx_HAL_Driver\Src\stm32l4xx_hal.o
 .text.HAL_ResumeTick
                0x00000000       0x20 Drivers\STM32L4xx_HAL_Driver\Src\stm32l4xx_hal.o
[...]
Memory Configuration

Name             Origin             Length             Attributes
RAM              0x20000000         0x00018000         xrw
RAM2             0x10000000         0x00008000         xrw
FLASH            0x08000000         0x00100000         xr
*default*        0x00000000         0xffffffff

Linker script and memory map

LOAD c:/program files (x86)/atollic/truestudio for stm32 9.3.0/armtools/bin/../lib/gcc/arm-atollic-eabi/6.3.1/armv7e-m/fpu/crti.o
LOAD c:/program files (x86)/atollic/truestudio for stm32 9.3.0/armtools/bin/../lib/gcc/arm-atollic-eabi/6.3.1/armv7e-m/fpu/crtbegin.o
LOAD Drivers\STM32L4xx_HAL_Driver\Src\stm32l4xx_hal.o
LOAD Drivers\STM32L4xx_HAL_Driver\Src\stm32l4xx_hal_cortex.o
LOAD Drivers\STM32L4xx_HAL_Driver\Src\stm32l4xx_hal_dma.o
LOAD Drivers\STM32L4xx_HAL_Driver\Src\stm32l4xx_hal_dma_ex.o
LOAD Drivers\STM32L4xx_HAL_Driver\Src\stm32l4xx_hal_exti.o
LOAD Drivers\STM32L4xx_HAL_Driver\Src\stm32l4xx_hal_flash.o
LOAD Drivers\STM32L4xx_HAL_Driver\Src\stm32l4xx_hal_flash_ex.o
LOAD Drivers\STM32L4xx_HAL_Driver\Src\stm32l4xx_hal_flash_ramfunc.o
LOAD Drivers\STM32L4xx_HAL_Driver\Src\stm32l4xx_hal_gpio.o
LOAD Drivers\STM32L4xx_HAL_Driver\Src\stm32l4xx_hal_i2c.o
LOAD Drivers\STM32L4xx_HAL_Driver\Src\stm32l4xx_hal_i2c_ex.o
LOAD Drivers\STM32L4xx_HAL_Driver\Src\stm32l4xx_hal_pwr.o
LOAD Drivers\STM32L4xx_HAL_Driver\Src\stm32l4xx_hal_pwr_ex.o
LOAD Drivers\STM32L4xx_HAL_Driver\Src\stm32l4xx_hal_rcc.o
LOAD Drivers\STM32L4xx_HAL_Driver\Src\stm32l4xx_hal_rcc_ex.o
LOAD Drivers\STM32L4xx_HAL_Driver\Src\stm32l4xx_hal_tim.o
LOAD Drivers\STM32L4xx_HAL_Driver\Src\stm32l4xx_hal_tim_ex.o
LOAD Drivers\STM32L4xx_HAL_Driver\Src\stm32l4xx_hal_uart.o
LOAD Drivers\STM32L4xx_HAL_Driver\Src\stm32l4xx_hal_uart_ex.o
LOAD Src\dma.o
LOAD Src\gpio.o
LOAD Src\main.o
LOAD Src\pid.o
LOAD Src\stm32l4xx_hal_msp.o
LOAD Src\stm32l4xx_it.o
LOAD Src\syscalls.o
LOAD Src\system_stm32l4xx.o
LOAD Src\tim.o
LOAD Src\usart.o
LOAD startup\startup_stm32l476xx.o
                0x00000080                malloc_getpagesize_P = 0x80
START GROUP
LOAD c:/program files (x86)/atollic/truestudio for stm32 9.3.0/armtools/bin/../lib/gcc/arm-atollic-eabi/6.3.1/../../../../arm-atollic-eabi/lib/armv7e-m/fpu\libc_nano.a
LOAD c:/program files (x86)/atollic/truestudio for stm32 9.3.0/armtools/bin/../lib/gcc/arm-atollic-eabi/6.3.1/../../../../arm-atollic-eabi/lib/armv7e-m/fpu\libm.a
END GROUP
START GROUP
LOAD c:/program files (x86)/atollic/truestudio for stm32 9.3.0/armtools/bin/../lib/gcc/arm-atollic-eabi/6.3.1/armv7e-m/fpu\libgcc.a
LOAD c:/program files (x86)/atollic/truestudio for stm32 9.3.0/armtools/bin/../lib/gcc/arm-atollic-eabi/6.3.1/../../../../arm-atollic-eabi/lib/armv7e-m/fpu\libc_nano.a
END GROUP
START GROUP
LOAD c:/program files (x86)/atollic/truestudio for stm32 9.3.0/armtools/bin/../lib/gcc/arm-atollic-eabi/6.3.1/armv7e-m/fpu\libgcc.a
LOAD c:/program files (x86)/atollic/truestudio for stm32 9.3.0/armtools/bin/../lib/gcc/arm-atollic-eabi/6.3.1/../../../../arm-atollic-eabi/lib/armv7e-m/fpu\libc_nano.a
LOAD c:/program files (x86)/atollic/truestudio for stm32 9.3.0/armtools/bin/../lib/gcc/arm-atollic-eabi/6.3.1/../../../../arm-atollic-eabi/lib/armv7e-m/fpu\libnosys.a
END GROUP
START GROUP
LOAD c:/program files (x86)/atollic/truestudio for stm32 9.3.0/armtools/bin/../lib/gcc/arm-atollic-eabi/6.3.1/armv7e-m/fpu\libgcc.a
LOAD c:/program files (x86)/atollic/truestudio for stm32 9.3.0/armtools/bin/../lib/gcc/arm-atollic-eabi/6.3.1/../../../../arm-atollic-eabi/lib/armv7e-m/fpu\libc_nano.a
LOAD c:/program files (x86)/atollic/truestudio for stm32 9.3.0/armtools/bin/../lib/gcc/arm-atollic-eabi/6.3.1/../../../../arm-atollic-eabi/lib/armv7e-m/fpu\libnosys.a
END GROUP
LOAD c:/program files (x86)/atollic/truestudio for stm32 9.3.0/armtools/bin/../lib/gcc/arm-atollic-eabi/6.3.1/armv7e-m/fpu/crtend.o
LOAD c:/program files (x86)/atollic/truestudio for stm32 9.3.0/armtools/bin/../lib/gcc/arm-atollic-eabi/6.3.1/armv7e-m/fpu/crtn.o
                0x20018000                _estack = 0x20018000
                0x00000200                _Min_Heap_Size = 0x200
                0x00000400                _Min_Stack_Size = 0x400

.isr_vector     0x08000000      0x188
                0x08000000                . = ALIGN (0x4)
 *(.isr_vector)
 .isr_vector    0x08000000      0x188 startup\startup_stm32l476xx.o
                0x08000000                g_pfnVectors
                0x08000188                . = ALIGN (0x4)

.text           0x08000188     0x5cc0
                0x08000188                . = ALIGN (0x4)
 *(.text)
 .text          0x08000188       0x40 c:/program files (x86)/atollic/truestudio for stm32 9.3.0/armtools/bin/../lib/gcc/arm-atollic-eabi/6.3.1/armv7e-m/fpu/crtbegin.o
 .text          0x080001c8       0x30 c:/program files (x86)/atollic/truestudio for stm32 9.3.0/armtools/bin/../lib/gcc/arm-atollic-eabi/6.3.1/armv7e-m/fpu\libgcc.a(_aeabi_uldivmod.o)
                0x080001c8                __aeabi_uldivmod
 .text          0x080001f8      0x2dc c:/program files (x86)/atollic/truestudio for stm32 9.3.0/armtools/bin/../lib/gcc/arm-atollic-eabi/6.3.1/armv7e-m/fpu\libgcc.a(_udivmoddi4.o)
                0x080001f8                __udivmoddi4
 .text          0x080004d4        0x4 c:/program files (x86)/atollic/truestudio for stm32 9.3.0/armtools/bin/../lib/gcc/arm-atollic-eabi/6.3.1/armv7e-m/fpu\libgcc.a(_dvmd_tls.o)
                0x080004d4                __aeabi_idiv0
                0x080004d4                __aeabi_ldiv0
 *(.text*)
 .text.HAL_Init
                0x080004d8       0x40 Drivers\STM32L4xx_HAL_Driver\Src\stm32l4xx_hal.o
                0x080004d8                HAL_Init
 .text.HAL_InitTick
                0x08000518       0x48 Drivers\STM32L4xx_HAL_Driver\Src\stm32l4xx_hal.o
                0x08000518                HAL_InitTick
 .text.HAL_IncTick
                0x08000560       0x1c Drivers\STM32L4xx_HAL_Driver\Src\stm32l4xx_hal.o
                0x08000560                HAL_IncTick
 .text.HAL_GetTick
                0x0800057c       0x18 Drivers\STM32L4xx_HAL_Driver\Src\stm32l4xx_hal.o
                0x0800057c                HAL_GetTick
 .text.NVIC_SetPriorityGrouping
                0x08000594       0x48 Drivers\STM32L4xx_HAL_Driver\Src\stm32l4xx_hal_cortex.o
 .text.NVIC_GetPriorityGrouping
                0x080005dc       0x1c Drivers\STM32L4xx_HAL_Driver\Src\stm32l4xx_hal_cortex.o
 .text.NVIC_EnableIRQ
                0x080005f8       0x34 Drivers\STM32L4xx_HAL_Driver\Src\stm32l4xx_hal_cortex.o
 .text.NVIC_SetPriority
                0x0800062c       0x54 Drivers\STM32L4xx_HAL_Driver\Src\stm32l4xx_hal_cortex.o
 .text.NVIC_EncodePriority
                0x08000680       0x62 Drivers\STM32L4xx_HAL_Driver\Src\stm32l4xx_hal_cortex.o
 *fill*         0x080006e2        0x2 
 .text.SysTick_Config
                0x080006e4       0x44 Drivers\STM32L4xx_HAL_Driver\Src\stm32l4xx_hal_cortex.o
 .text.HAL_NVIC_SetPriorityGrouping
                0x08000728       0x16 Drivers\STM32L4xx_HAL_Driver\Src\stm32l4xx_hal_cortex.o
                0x08000728                HAL_NVIC_SetPriorityGrouping
 .text.HAL_NVIC_SetPriority
                0x0800073e       0x38 Drivers\STM32L4xx_HAL_Driver\Src\stm32l4xx_hal_cortex.o
                0x0800073e                HAL_NVIC_SetPriority
 .text.HAL_NVIC_EnableIRQ
                0x08000776       0x1c Drivers\STM32L4xx_HAL_Driver\Src\stm32l4xx_hal_cortex.o
                0x08000776                HAL_NVIC_EnableIRQ
 .text.HAL_SYSTICK_Config
                0x08000792       0x18 Drivers\STM32L4xx_HAL_Driver\Src\stm32l4xx_hal_cortex.o
                0x08000792                HAL_SYSTICK_Config
 *fill*         0x080007aa        0x2 
 .text.HAL_DMA_Init
                0x080007ac      0x170 Drivers\STM32L4xx_HAL_Driver\Src\stm32l4xx_hal_dma.o
                0x080007ac                HAL_DMA_Init
 .text.HAL_DMA_Start_IT
                0x0800091c       0xc0 Drivers\STM32L4xx_HAL_Driver\Src\stm32l4xx_hal_dma.o
                0x0800091c                HAL_DMA_Start_IT
 .text.HAL_DMA_Abort_IT
                0x080009dc       0x82 Drivers\STM32L4xx_HAL_Driver\Src\stm32l4xx_hal_dma.o
                0x080009dc                HAL_DMA_Abort_IT
 .text.HAL_DMA_IRQHandler
                0x08000a5e      0x15e Drivers\STM32L4xx_HAL_Driver\Src\stm32l4xx_hal_dma.o
                0x08000a5e                HAL_DMA_IRQHandler
 .text.DMA_SetConfig
                0x08000bbc       0x60 Drivers\STM32L4xx_HAL_Driver\Src\stm32l4xx_hal_dma.o
 .text.HAL_GPIO_Init
                0x08000c1c      0x350 Drivers\STM32L4xx_HAL_Driver\Src\stm32l4xx_hal_gpio.o
                0x08000c1c                HAL_GPIO_Init
 .text.HAL_GPIO_WritePin
                0x08000f6c       0x30 Drivers\STM32L4xx_HAL_Driver\Src\stm32l4xx_hal_gpio.o
                0x08000f6c                HAL_GPIO_WritePin
 .text.HAL_PWREx_GetVoltageRange
                0x08000f9c       0x1c Drivers\STM32L4xx_HAL_Driver\Src\stm32l4xx_hal_pwr_ex.o
                0x08000f9c                HAL_PWREx_GetVoltageRange
 .text.HAL_PWREx_ControlVoltageScaling
                0x08000fb8       0xac Drivers\STM32L4xx_HAL_Driver\Src\stm32l4xx_hal_pwr_ex.o
                0x08000fb8                HAL_PWREx_ControlVoltageScaling
 .text.HAL_RCC_OscConfig
                0x08001064      0x6c8 Drivers\STM32L4xx_HAL_Driver\Src\stm32l4xx_hal_rcc.o
                0x08001064                HAL_RCC_OscConfig
 .text.HAL_RCC_ClockConfig
                0x0800172c      0x1bc Drivers\STM32L4xx_HAL_Driver\Src\stm32l4xx_hal_rcc.o
                0x0800172c                HAL_RCC_ClockConfig
 .text.HAL_RCC_GetSysClockFreq
                0x080018e8      0x138 Drivers\STM32L4xx_HAL_Driver\Src\stm32l4xx_hal_rcc.o
                0x080018e8                HAL_RCC_GetSysClockFreq
 .text.HAL_RCC_GetHCLKFreq
                0x08001a20       0x18 Drivers\STM32L4xx_HAL_Driver\Src\stm32l4xx_hal_rcc.o
                0x08001a20                HAL_RCC_GetHCLKFreq
 .text.HAL_RCC_GetPCLK1Freq
                0x08001a38       0x2c Drivers\STM32L4xx_HAL_Driver\Src\stm32l4xx_hal_rcc.o
                0x08001a38                HAL_RCC_GetPCLK1Freq
 .text.HAL_RCC_GetPCLK2Freq
                0x08001a64       0x2c Drivers\STM32L4xx_HAL_Driver\Src\stm32l4xx_hal_rcc.o
                0x08001a64                HAL_RCC_GetPCLK2Freq
 .text.RCC_SetFlashLatencyFromMSIRange
                0x08001a90       0xc0 Drivers\STM32L4xx_HAL_Driver\Src\stm32l4xx_hal_rcc.o
 .text.HAL_RCCEx_PeriphCLKConfig
                0x08001b50      0x5cc Drivers\STM32L4xx_HAL_Driver\Src\stm32l4xx_hal_rcc_ex.o
                0x08001b50                HAL_RCCEx_PeriphCLKConfig
 .text.RCCEx_PLLSAI1_Config
                0x0800211c      0x1e0 Drivers\STM32L4xx_HAL_Driver\Src\stm32l4xx_hal_rcc_ex.o
 .text.RCCEx_PLLSAI2_Config
                0x080022fc      0x1b4 Drivers\STM32L4xx_HAL_Driver\Src\stm32l4xx_hal_rcc_ex.o
 .text.HAL_TIM_Base_Init
                0x080024b0       0x56 Drivers\STM32L4xx_HAL_Driver\Src\stm32l4xx_hal_tim.o
                0x080024b0                HAL_TIM_Base_Init
 .text.HAL_TIM_PWM_Init
                0x08002506       0x56 Drivers\STM32L4xx_HAL_Driver\Src\stm32l4xx_hal_tim.o
                0x08002506                HAL_TIM_PWM_Init
 .text.HAL_TIM_PWM_MspInit
                0x0800255c       0x14 Drivers\STM32L4xx_HAL_Driver\Src\stm32l4xx_hal_tim.o
                0x0800255c                HAL_TIM_PWM_MspInit
 .text.HAL_TIM_PWM_Start
                0x08002570       0xb4 Drivers\STM32L4xx_HAL_Driver\Src\stm32l4xx_hal_tim.o
                0x08002570                HAL_TIM_PWM_Start
 .text.HAL_TIM_IC_Init
                0x08002624       0x56 Drivers\STM32L4xx_HAL_Driver\Src\stm32l4xx_hal_tim.o
                0x08002624                HAL_TIM_IC_Init
 *fill*         0x0800267a        0x2 
 .text.HAL_TIM_IC_Start_IT
                0x0800267c       0xe0 Drivers\STM32L4xx_HAL_Driver\Src\stm32l4xx_hal_tim.o
                0x0800267c                HAL_TIM_IC_Start_IT
 .text.HAL_TIM_IRQHandler
                0x0800275c      0x23e Drivers\STM32L4xx_HAL_Driver\Src\stm32l4xx_hal_tim.o
                0x0800275c                HAL_TIM_IRQHandler
 .text.HAL_TIM_IC_ConfigChannel
                0x0800299a      0x138 Drivers\STM32L4xx_HAL_Driver\Src\stm32l4xx_hal_tim.o
                0x0800299a                HAL_TIM_IC_ConfigChannel
 *fill*         0x08002ad2        0x2 
 .text.HAL_TIM_PWM_ConfigChannel
                0x08002ad4      0x230 Drivers\STM32L4xx_HAL_Driver\Src\stm32l4xx_hal_tim.o
                0x08002ad4                HAL_TIM_PWM_ConfigChannel
 .text.HAL_TIM_ConfigClockSource
                0x08002d04      0x196 Drivers\STM32L4xx_HAL_Driver\Src\stm32l4xx_hal_tim.o
                0x08002d04                HAL_TIM_ConfigClockSource
 .text.HAL_TIM_PeriodElapsedCallback
                0x08002e9a       0x14 Drivers\STM32L4xx_HAL_Driver\Src\stm32l4xx_hal_tim.o
                0x08002e9a                HAL_TIM_PeriodElapsedCallback
 .text.HAL_TIM_OC_DelayElapsedCallback
                0x08002eae       0x14 Drivers\STM32L4xx_HAL_Driver\Src\stm32l4xx_hal_tim.o
                0x08002eae                HAL_TIM_OC_DelayElapsedCallback
 .text.HAL_TIM_PWM_PulseFinishedCallback
                0x08002ec2       0x14 Drivers\STM32L4xx_HAL_Driver\Src\stm32l4xx_hal_tim.o
                0x08002ec2                HAL_TIM_PWM_PulseFinishedCallback
 .text.HAL_TIM_TriggerCallback
                0x08002ed6       0x14 Drivers\STM32L4xx_HAL_Driver\Src\stm32l4xx_hal_tim.o
                0x08002ed6                HAL_TIM_TriggerCallback
 *fill*         0x08002eea        0x2 
 .text.TIM_Base_SetConfig
                0x08002eec      0x134 Drivers\STM32L4xx_HAL_Driver\Src\stm32l4xx_hal_tim.o
                0x08002eec                TIM_Base_SetConfig
 .text.TIM_OC1_SetConfig
                0x08003020      0x120 Drivers\STM32L4xx_HAL_Driver\Src\stm32l4xx_hal_tim.o
 .text.TIM_OC2_SetConfig
                0x08003140      0x114 Drivers\STM32L4xx_HAL_Driver\Src\stm32l4xx_hal_tim.o
                0x08003140                TIM_OC2_SetConfig
 .text.TIM_OC3_SetConfig
                0x08003254      0x110 Drivers\STM32L4xx_HAL_Driver\Src\stm32l4xx_hal_tim.o
 .text.TIM_OC4_SetConfig
                0x08003364       0xd4 Drivers\STM32L4xx_HAL_Driver\Src\stm32l4xx_hal_tim.o
 .text.TIM_OC5_SetConfig
                0x08003438       0xc8 Drivers\STM32L4xx_HAL_Driver\Src\stm32l4xx_hal_tim.o
 .text.TIM_OC6_SetConfig
                0x08003500       0xcc Drivers\STM32L4xx_HAL_Driver\Src\stm32l4xx_hal_tim.o
 .text.TIM_TI1_SetConfig
                0x080035cc       0xdc Drivers\STM32L4xx_HAL_Driver\Src\stm32l4xx_hal_tim.o
                0x080035cc                TIM_TI1_SetConfig
 .text.TIM_TI1_ConfigInputStage
                0x080036a8       0x5e Drivers\STM32L4xx_HAL_Driver\Src\stm32l4xx_hal_tim.o
 .text.TIM_TI2_SetConfig
                0x08003706       0x7a Drivers\STM32L4xx_HAL_Driver\Src\stm32l4xx_hal_tim.o
 .text.TIM_TI2_ConfigInputStage
                0x08003780       0x60 Drivers\STM32L4xx_HAL_Driver\Src\stm32l4xx_hal_tim.o
 .text.TIM_TI3_SetConfig
                0x080037e0       0x78 Drivers\STM32L4xx_HAL_Driver\Src\stm32l4xx_hal_tim.o
 .text.TIM_TI4_SetConfig
                0x08003858       0x7a Drivers\STM32L4xx_HAL_Driver\Src\stm32l4xx_hal_tim.o
 .text.TIM_ITRx_SetConfig
                0x080038d2       0x36 Drivers\STM32L4xx_HAL_Driver\Src\stm32l4xx_hal_tim.o
 .text.TIM_ETR_SetConfig
                0x08003908       0x40 Drivers\STM32L4xx_HAL_Driver\Src\stm32l4xx_hal_tim.o
                0x08003908                TIM_ETR_SetConfig
 .text.TIM_CCxChannelCmd
                0x08003948       0x4a Drivers\STM32L4xx_HAL_Driver\Src\stm32l4xx_hal_tim.o
                0x08003948                TIM_CCxChannelCmd
 *fill*         0x08003992        0x2 
 .text.HAL_TIMEx_MasterConfigSynchronization
                0x08003994       0xb8 Drivers\STM32L4xx_HAL_Driver\Src\stm32l4xx_hal_tim_ex.o
                0x08003994                HAL_TIMEx_MasterConfigSynchronization
 .text.HAL_TIMEx_CommutationCallback
                0x08003a4c       0x14 Drivers\STM32L4xx_HAL_Driver\Src\stm32l4xx_hal_tim_ex.o
                0x08003a4c                HAL_TIMEx_CommutationCallback
 .text.HAL_TIMEx_BreakCallback
                0x08003a60       0x14 Drivers\STM32L4xx_HAL_Driver\Src\stm32l4xx_hal_tim_ex.o
                0x08003a60                HAL_TIMEx_BreakCallback
 .text.HAL_TIMEx_Break2Callback
                0x08003a74       0x14 Drivers\STM32L4xx_HAL_Driver\Src\stm32l4xx_hal_tim_ex.o
                0x08003a74                HAL_TIMEx_Break2Callback
 .text.HAL_UART_Init
                0x08003a88       0xa2 Drivers\STM32L4xx_HAL_Driver\Src\stm32l4xx_hal_uart.o
                0x08003a88                HAL_UART_Init
 *fill*         0x08003b2a        0x2 
 .text.HAL_UART_Receive_DMA
                0x08003b2c       0xe8 Drivers\STM32L4xx_HAL_Driver\Src\stm32l4xx_hal_uart.o
                0x08003b2c                HAL_UART_Receive_DMA
 .text.HAL_UART_IRQHandler
                0x08003c14      0x25c Drivers\STM32L4xx_HAL_Driver\Src\stm32l4xx_hal_uart.o
                0x08003c14                HAL_UART_IRQHandler
 .text.HAL_UART_TxCpltCallback
                0x08003e70       0x14 Drivers\STM32L4xx_HAL_Driver\Src\stm32l4xx_hal_uart.o
                0x08003e70                HAL_UART_TxCpltCallback
 .text.HAL_UART_RxHalfCpltCallback
                0x08003e84       0x14 Drivers\STM32L4xx_HAL_Driver\Src\stm32l4xx_hal_uart.o
                0x08003e84                HAL_UART_RxHalfCpltCallback
 .text.HAL_UART_ErrorCallback
                0x08003e98       0x14 Drivers\STM32L4xx_HAL_Driver\Src\stm32l4xx_hal_uart.o
                0x08003e98                HAL_UART_ErrorCallback
 .text.UART_SetConfig
                0x08003eac      0x67c Drivers\STM32L4xx_HAL_Driver\Src\stm32l4xx_hal_uart.o
                0x08003eac                UART_SetConfig
 .text.UART_AdvFeatureConfig
                0x08004528      0x144 Drivers\STM32L4xx_HAL_Driver\Src\stm32l4xx_hal_uart.o
                0x08004528                UART_AdvFeatureConfig
 .text.UART_CheckIdleState
                0x0800466c       0x92 Drivers\STM32L4xx_HAL_Driver\Src\stm32l4xx_hal_uart.o
                0x0800466c                UART_CheckIdleState
 .text.UART_WaitOnFlagUntilTimeout
                0x080046fe       0x94 Drivers\STM32L4xx_HAL_Driver\Src\stm32l4xx_hal_uart.o
                0x080046fe                UART_WaitOnFlagUntilTimeout
 .text.UART_EndTxTransfer
                0x08004792       0x2c Drivers\STM32L4xx_HAL_Driver\Src\stm32l4xx_hal_uart.o
 .text.UART_EndRxTransfer
                0x080047be       0x42 Drivers\STM32L4xx_HAL_Driver\Src\stm32l4xx_hal_uart.o
 .text.UART_DMAReceiveCplt
                0x08004800       0x6a Drivers\STM32L4xx_HAL_Driver\Src\stm32l4xx_hal_uart.o
 .text.UART_DMARxHalfCplt
                0x0800486a       0x1c Drivers\STM32L4xx_HAL_Driver\Src\stm32l4xx_hal_uart.o
 .text.UART_DMAError
                0x08004886       0x78 Drivers\STM32L4xx_HAL_Driver\Src\stm32l4xx_hal_uart.o
 .text.UART_DMAAbortOnError
                0x080048fe       0x2c Drivers\STM32L4xx_HAL_Driver\Src\stm32l4xx_hal_uart.o
 .text.UART_EndTransmit_IT
                0x0800492a       0x34 Drivers\STM32L4xx_HAL_Driver\Src\stm32l4xx_hal_uart.o
 .text.HAL_UARTEx_WakeupCallback
                0x0800495e       0x14 Drivers\STM32L4xx_HAL_Driver\Src\stm32l4xx_hal_uart_ex.o
                0x0800495e                HAL_UARTEx_WakeupCallback
 *fill*         0x08004972        0x2 
 .text.MX_DMA_Init
                0x08004974       0x4c Src\dma.o
                0x08004974                MX_DMA_Init
 .text.MX_GPIO_Init
                0x080049c0      0x31c Src\gpio.o
                0x080049c0                MX_GPIO_Init
 .text.PIDSetpointSet
                0x08004cdc       0x1e Src\main.o
                0x08004cdc                PIDSetpointSet
 .text.PIDInputSet
                0x08004cfa       0x1e Src\main.o
                0x08004cfa                PIDInputSet
 .text.PIDOutputGet
                0x08004d18       0x1e Src\main.o
                0x08004d18                PIDOutputGet
 .text.map      0x08004d36       0x38 Src\main.o
                0x08004d36                map
 *fill*         0x08004d6e        0x2 
 .text.HAL_TIM_IC_CaptureCallback
                0x08004d70      0x128 Src\main.o
                0x08004d70                HAL_TIM_IC_CaptureCallback
 .text.HAL_UART_RxCpltCallback
                0x08004e98      0x164 Src\main.o
                0x08004e98                HAL_UART_RxCpltCallback
 .text.Jazda    0x08004ffc       0x38 Src\main.o
                0x08004ffc                Jazda
 .text.Skrecanie
                0x08005034       0x30 Src\main.o
                0x08005034                Skrecanie
 .text.main     0x08005064      0x134 Src\main.o
                0x08005064                main
 .text.SystemClock_Config
                0x08005198       0xee Src\main.o
                0x08005198                SystemClock_Config
 .text.Error_Handler
                0x08005286        0xe Src\main.o
                0x08005286                Error_Handler
 .text.PIDInit  0x08005294       0xa6 Src\pid.o
                0x08005294                PIDInit
 .text.PIDCompute
                0x0800533a      0x122 Src\pid.o
                0x0800533a                PIDCompute
 .text.PIDOutputLimitsSet
                0x0800545c       0xb6 Src\pid.o
                0x0800545c                PIDOutputLimitsSet
 .text.PIDTuningsSet
                0x08005512       0xc6 Src\pid.o
                0x08005512                PIDTuningsSet
 .text.HAL_MspInit
                0x080055d8       0x48 Src\stm32l4xx_hal_msp.o
                0x080055d8                HAL_MspInit
 .text.NMI_Handler
                0x08005620        0xe Src\stm32l4xx_it.o
                0x08005620                NMI_Handler
 .text.HardFault_Handler
                0x0800562e        0x6 Src\stm32l4xx_it.o
                0x0800562e                HardFault_Handler
 .text.MemManage_Handler
                0x08005634        0x6 Src\stm32l4xx_it.o
                0x08005634                MemManage_Handler
 .text.BusFault_Handler
                0x0800563a        0x6 Src\stm32l4xx_it.o
                0x0800563a                BusFault_Handler
 .text.UsageFault_Handler
                0x08005640        0x6 Src\stm32l4xx_it.o
                0x08005640                UsageFault_Handler
 .text.SVC_Handler
                0x08005646        0xe Src\stm32l4xx_it.o
                0x08005646                SVC_Handler
 .text.DebugMon_Handler
                0x08005654        0xe Src\stm32l4xx_it.o
                0x08005654                DebugMon_Handler
 .text.PendSV_Handler
                0x08005662        0xe Src\stm32l4xx_it.o
                0x08005662                PendSV_Handler
 .text.SysTick_Handler
                0x08005670        0xc Src\stm32l4xx_it.o
                0x08005670                SysTick_Handler
 .text.DMA1_Channel6_IRQHandler
                0x0800567c       0x14 Src\stm32l4xx_it.o
                0x0800567c                DMA1_Channel6_IRQHandler
 .text.DMA1_Channel7_IRQHandler
                0x08005690       0x14 Src\stm32l4xx_it.o
                0x08005690                DMA1_Channel7_IRQHandler
 .text.USART2_IRQHandler
                0x080056a4       0x14 Src\stm32l4xx_it.o
                0x080056a4                USART2_IRQHandler
 .text.TIM5_IRQHandler
                0x080056b8       0x14 Src\stm32l4xx_it.o
                0x080056b8                TIM5_IRQHandler
 .text.SystemInit
                0x080056cc       0x6c Src\system_stm32l4xx.o
                0x080056cc                SystemInit
 .text.MX_TIM2_Init
                0x08005738      0x104 Src\tim.o
                0x08005738                MX_TIM2_Init
 .text.MX_TIM4_Init
                0x0800583c       0xf0 Src\tim.o
                0x0800583c                MX_TIM4_Init
 .text.MX_TIM5_Init
                0x0800592c       0xc8 Src\tim.o
                0x0800592c                MX_TIM5_Init
 .text.HAL_TIM_Base_MspInit
                0x080059f4       0x64 Src\tim.o
                0x080059f4                HAL_TIM_Base_MspInit
 .text.HAL_TIM_IC_MspInit
                0x08005a58       0x94 Src\tim.o
                0x08005a58                HAL_TIM_IC_MspInit
 .text.HAL_TIM_MspPostInit
                0x08005aec       0xec Src\tim.o
                0x08005aec                HAL_TIM_MspPostInit
 .text.MX_USART2_UART_Init
                0x08005bd8       0x60 Src\usart.o
                0x08005bd8                MX_USART2_UART_Init
 .text.HAL_UART_MspInit
                0x08005c38      0x14c Src\usart.o
                0x08005c38                HAL_UART_MspInit
 .text.Reset_Handler
                0x08005d84       0x50 startup\startup_stm32l476xx.o
                0x08005d84                Reset_Handler
 .text.Default_Handler
                0x08005dd4        0x2 startup\startup_stm32l476xx.o
                0x08005dd4                RTC_Alarm_IRQHandler
                0x08005dd4                EXTI2_IRQHandler
                0x08005dd4                TIM8_TRG_COM_IRQHandler
                0x08005dd4                TIM8_CC_IRQHandler
                0x08005dd4                TIM1_CC_IRQHandler
                0x08005dd4                TSC_IRQHandler
                0x08005dd4                TAMP_STAMP_IRQHandler
                0x08005dd4                EXTI3_IRQHandler
                0x08005dd4                LPTIM2_IRQHandler
                0x08005dd4                DFSDM1_FLT1_IRQHandler
                0x08005dd4                I2C3_ER_IRQHandler
                0x08005dd4                DFSDM1_FLT2_IRQHandler
                0x08005dd4                EXTI0_IRQHandler
                0x08005dd4                I2C2_EV_IRQHandler
                0x08005dd4                CAN1_RX0_IRQHandler
                0x08005dd4                FPU_IRQHandler
                0x08005dd4                TIM1_UP_TIM16_IRQHandler
                0x08005dd4                ADC1_2_IRQHandler
                0x08005dd4                SPI1_IRQHandler
                0x08005dd4                TIM6_DAC_IRQHandler
                0x08005dd4                TIM8_UP_IRQHandler
                0x08005dd4                DMA2_Channel2_IRQHandler
                0x08005dd4                DMA1_Channel4_IRQHandler
                0x08005dd4                SAI2_IRQHandler
                0x08005dd4                DFSDM1_FLT3_IRQHandler
                0x08005dd4                USART3_IRQHandler
                0x08005dd4                CAN1_RX1_IRQHandler
                0x08005dd4                LCD_IRQHandler
                0x08005dd4                UART5_IRQHandler
                0x08005dd4                ADC3_IRQHandler
                0x08005dd4                TIM4_IRQHandler
                0x08005dd4                DMA2_Channel1_IRQHandler
                0x08005dd4                QUADSPI_IRQHandler
                0x08005dd4                I2C1_EV_IRQHandler
                0x08005dd4                UART4_IRQHandler
                0x08005dd4                DMA2_Channel4_IRQHandler
                0x08005dd4                TIM3_IRQHandler
                0x08005dd4                RCC_IRQHandler
                0x08005dd4                DMA1_Channel1_IRQHandler
                0x08005dd4                Default_Handler
                0x08005dd4                DMA2_Channel7_IRQHandler
                0x08005dd4                EXTI15_10_IRQHandler
                0x08005dd4                TIM7_IRQHandler
                0x08005dd4                SDMMC1_IRQHandler
                0x08005dd4                I2C3_EV_IRQHandler
                0x08005dd4                EXTI9_5_IRQHandler
                0x08005dd4                RTC_WKUP_IRQHandler
                0x08005dd4                PVD_PVM_IRQHandler
                0x08005dd4                SPI2_IRQHandler
                0x08005dd4                CAN1_TX_IRQHandler
                0x08005dd4                DMA2_Channel5_IRQHandler
                0x08005dd4                DMA1_Channel5_IRQHandler
                0x08005dd4                EXTI4_IRQHandler
                0x08005dd4                RNG_IRQHandler
                0x08005dd4                TIM1_TRG_COM_TIM17_IRQHandler
                0x08005dd4                DMA1_Channel3_IRQHandler
                0x08005dd4                COMP_IRQHandler
                0x08005dd4                WWDG_IRQHandler
                0x08005dd4                LPUART1_IRQHandler
                0x08005dd4                DMA2_Channel6_IRQHandler
                0x08005dd4                TIM2_IRQHandler
                0x08005dd4                EXTI1_IRQHandler
                0x08005dd4                DFSDM1_FLT0_IRQHandler
                0x08005dd4                I2C2_ER_IRQHandler
                0x08005dd4                DMA1_Channel2_IRQHandler
                0x08005dd4                TIM8_BRK_IRQHandler
                0x08005dd4                CAN1_SCE_IRQHandler
                0x08005dd4                FLASH_IRQHandler
                0x08005dd4                USART1_IRQHandler
                0x08005dd4                OTG_FS_IRQHandler
                0x08005dd4                SPI3_IRQHandler
                0x08005dd4                I2C1_ER_IRQHandler
                0x08005dd4                FMC_IRQHandler
                0x08005dd4                SWPMI1_IRQHandler
                0x08005dd4                LPTIM1_IRQHandler
                0x08005dd4                SAI1_IRQHandler
                0x08005dd4                DMA2_Channel3_IRQHandler
                0x08005dd4                TIM1_BRK_TIM15_IRQHandler
 *fill*         0x08005dd6        0x2 
 .text.__libc_init_array
                0x08005dd8       0x48 c:/program files (x86)/atollic/truestudio for stm32 9.3.0/armtools/bin/../lib/gcc/arm-atollic-eabi/6.3.1/../../../../arm-atollic-eabi/lib/armv7e-m/fpu\libc_nano.a(lib_a-init.o)
                0x08005dd8                __libc_init_array
 .text.memset   0x08005e20       0x10 c:/program files (x86)/atollic/truestudio for stm32 9.3.0/armtools/bin/../lib/gcc/arm-atollic-eabi/6.3.1/../../../../arm-atollic-eabi/lib/armv7e-m/fpu\libc_nano.a(lib_a-memset.o)
                0x08005e20                memset
 *(.glue_7)
 .glue_7        0x08005e30        0x0 linker stubs
 *(.glue_7t)
 .glue_7t       0x08005e30        0x0 linker stubs
 *(.eh_frame)
 .eh_frame      0x08005e30        0x0 c:/program files (x86)/atollic/truestudio for stm32 9.3.0/armtools/bin/../lib/gcc/arm-atollic-eabi/6.3.1/armv7e-m/fpu/crtbegin.o
 *(.init)
 .init          0x08005e30        0x4 c:/program files (x86)/atollic/truestudio for stm32 9.3.0/armtools/bin/../lib/gcc/arm-atollic-eabi/6.3.1/armv7e-m/fpu/crti.o
                0x08005e30                _init
 .init          0x08005e34        0x8 c:/program files (x86)/atollic/truestudio for stm32 9.3.0/armtools/bin/../lib/gcc/arm-atollic-eabi/6.3.1/armv7e-m/fpu/crtn.o
 *(.fini)
 .fini          0x08005e3c        0x4 c:/program files (x86)/atollic/truestudio for stm32 9.3.0/armtools/bin/../lib/gcc/arm-atollic-eabi/6.3.1/armv7e-m/fpu/crti.o
                0x08005e3c                _fini
 .fini          0x08005e40        0x8 c:/program files (x86)/atollic/truestudio for stm32 9.3.0/armtools/bin/../lib/gcc/arm-atollic-eabi/6.3.1/armv7e-m/fpu/crtn.o
                0x08005e48                . = ALIGN (0x4)
                0x08005e48                _etext = .

.vfp11_veneer   0x08005e48        0x0
 .vfp11_veneer  0x08005e48        0x0 linker stubs

.v4_bx          0x08005e48        0x0
 .v4_bx         0x08005e48        0x0 linker stubs

.iplt           0x08005e48        0x0
 .iplt          0x08005e48        0x0 c:/program files (x86)/atollic/truestudio for stm32 9.3.0/armtools/bin/../lib/gcc/arm-atollic-eabi/6.3.1/armv7e-m/fpu/crtbegin.o

.rodata         0x08005e48       0x48
                0x08005e48                . = ALIGN (0x4)
 *(.rodata)
 *(.rodata*)
 .rodata.AHBPrescTable
                0x08005e48       0x10 Src\system_stm32l4xx.o
                0x08005e48                AHBPrescTable
 .rodata.APBPrescTable
                0x08005e58        0x8 Src\system_stm32l4xx.o
                0x08005e58                APBPrescTable
 .rodata.MSIRangeTable
                0x08005e60       0x30 Src\system_stm32l4xx.o
                0x08005e60                MSIRangeTable
                0x08005e90                . = ALIGN (0x4)

.ARM.extab
 *(.ARM.extab* .gnu.linkonce.armextab.*)

.ARM            0x08005e90        0x8
                0x08005e90                __exidx_start = .
 *(.ARM.exidx*)
 .ARM.exidx     0x08005e90        0x8 c:/program files (x86)/atollic/truestudio for stm32 9.3.0/armtools/bin/../lib/gcc/arm-atollic-eabi/6.3.1/armv7e-m/fpu\libgcc.a(_udivmoddi4.o)
                0x08005e98                __exidx_end = .

.rel.dyn        0x08005e98        0x0
 .rel.iplt      0x08005e98        0x0 c:/program files (x86)/atollic/truestudio for stm32 9.3.0/armtools/bin/../lib/gcc/arm-atollic-eabi/6.3.1/armv7e-m/fpu/crtbegin.o

.preinit_array  0x08005e98        0x0
                0x08005e98                PROVIDE (__preinit_array_start, .)
 *(.preinit_array*)
                0x08005e98                PROVIDE (__preinit_array_end, .)

.init_array     0x08005e98        0x4
                0x08005e98                PROVIDE (__init_array_start, .)
 *(SORT(.init_array.*))
 *(.init_array*)
 .init_array    0x08005e98        0x4 c:/program files (x86)/atollic/truestudio for stm32 9.3.0/armtools/bin/../lib/gcc/arm-atollic-eabi/6.3.1/armv7e-m/fpu/crtbegin.o
                0x08005e9c                PROVIDE (__init_array_end, .)

.fini_array     0x08005e9c        0x4
                [!provide]                PROVIDE (__fini_array_start, .)
 *(SORT(.fini_array.*))
 *(.fini_array*)
 .fini_array    0x08005e9c        0x4 c:/program files (x86)/atollic/truestudio for stm32 9.3.0/armtools/bin/../lib/gcc/arm-atollic-eabi/6.3.1/armv7e-m/fpu/crtbegin.o
                [!provide]                PROVIDE (__fini_array_end, .)
                0x08005ea0                _sidata = LOADADDR (.data)

.data           0x20000000       0x18 load address 0x08005ea0
                0x20000000                . = ALIGN (0x4)
                0x20000000                _sdata = .
 *(.data)
 *(.data*)
 .data.nrSign   0x20000000        0x1 Src\main.o
                0x20000000                nrSign
 .data.nrValue  0x20000001        0x1 Src\main.o
                0x20000001                nrValue
 .data.set_value
                0x20000002        0x2 Src\main.o
                0x20000002                set_value
 .data.kp       0x20000004        0x4 Src\main.o
                0x20000004                kp
 .data.ki       0x20000008        0x4 Src\main.o
                0x20000008                ki
 .data.kd       0x2000000c        0x4 Src\main.o
                0x2000000c                kd
 .data.maxOutput
                0x20000010        0x2 Src\main.o
                0x20000010                maxOutput
 .data.mode     0x20000012        0x1 Src\main.o
                0x20000012                mode
 *fill*         0x20000013        0x1 
 .data.SystemCoreClock
                0x20000014        0x4 Src\system_stm32l4xx.o
                0x20000014                SystemCoreClock
                0x20000018                . = ALIGN (0x4)
                0x20000018                _edata = .

.igot.plt       0x20000018        0x0 load address 0x08005eb8
 .igot.plt      0x20000018        0x0 c:/program files (x86)/atollic/truestudio for stm32 9.3.0/armtools/bin/../lib/gcc/arm-atollic-eabi/6.3.1/armv7e-m/fpu/crtbegin.o
                0x20000018                . = ALIGN (0x4)

.bss            0x20000018      0x260 load address 0x08005eb8
                0x20000018                _sbss = .
                0x20000018                __bss_start__ = _sbss
 *(.bss)
 .bss           0x20000018       0x1c c:/program files (x86)/atollic/truestudio for stm32 9.3.0/armtools/bin/../lib/gcc/arm-atollic-eabi/6.3.1/armv7e-m/fpu/crtbegin.o
 *(.bss*)
 .bss.nrAxis    0x20000034        0x1 Src\main.o
                0x20000034                nrAxis
 .bss.pid_output
                0x20000035        0x1 Src\main.o
                0x20000035                pid_output
 *fill*         0x20000036        0x2 
 .bss.sampleTimeSeconds
                0x20000038        0x4 Src\main.o
                0x20000038                sampleTimeSeconds
 .bss.minOutput
                0x2000003c        0x2 Src\main.o
                0x2000003c                minOutput
 .bss.control   0x2000003e        0x1 Src\main.o
                0x2000003e                control
 *(COMMON)
 *fill*         0x2000003f        0x1 
 COMMON         0x20000040        0x4 Drivers\STM32L4xx_HAL_Driver\Src\stm32l4xx_hal.o
                0x20000040                uwTick
 COMMON         0x20000044       0x6c Src\main.o
                0x20000044                sign
                0x20000048                Received
                0x2000004c                pid
                0x20000088                pwm_dutyL
                0x2000008c                yprevious
                0x20000090                flag2
                0x20000094                xsign
                0x20000098                period1
                0x2000009c                flag1
                0x200000a0                axis
                0x200000a4                pwm_dutyP
                0x200000a8                speed
                0x200000ac                yvalue
                0x200000ad                xprevious
                0x200000ae                xvalue
                0x200000af                value
 COMMON         0x200000b0       0xc0 Src\tim.o
                0x200000b0                htim4
                0x200000f0                htim5
                0x20000130                htim2
 COMMON         0x20000170      0x108 Src\usart.o
                0x20000170                hdma_usart2_rx
                0x200001b8                hdma_usart2_tx
                0x20000200                huart2
                0x20000278                . = ALIGN (0x4)
                0x20000278                _ebss = .
                0x20000278                __bss_end__ = _ebss

._user_heap_stack
                0x20000278      0x600 load address 0x08005eb8
                0x20000278                . = ALIGN (0x4)
                0x20000278                PROVIDE (end, .)
                [!provide]                PROVIDE (_end, .)
                0x20000478                . = (. + _Min_Heap_Size)
 *fill*         0x20000278      0x200 
                0x20000878                . = (. + _Min_Stack_Size)
 *fill*         0x20000478      0x400 
                0x20000878                . = ALIGN (0x4)

/DISCARD/
 libc.a(*)
 libm.a(*)
 libgcc.a(*)

.ARM.attributes
                0x00000000       0x30
 *(.ARM.attributes)
 .ARM.attributes
                0x00000000       0x22 c:/program files (x86)/atollic/truestudio for stm32 9.3.0/armtools/bin/../lib/gcc/arm-atollic-eabi/6.3.1/armv7e-m/fpu/crti.o
 .ARM.attributes
                0x00000022       0x34 c:/program files (x86)/atollic/truestudio for stm32 9.3.0/armtools/bin/../lib/gcc/arm-atollic-eabi/6.3.1/armv7e-m/fpu/crtbegin.o
 .ARM.attributes
                0x00000056       0x39 Drivers\STM32L4xx_HAL_Driver\Src\stm32l4xx_hal.o
 .ARM.attributes
                0x0000008f       0x39 Drivers\STM32L4xx_HAL_Driver\Src\stm32l4xx_hal_cortex.o
 .ARM.attributes
                0x000000c8       0x39 Drivers\STM32L4xx_HAL_Driver\Src\stm32l4xx_hal_dma.o
 .ARM.attributes
                0x00000101       0x39 Drivers\STM32L4xx_HAL_Driver\Src\stm32l4xx_hal_gpio.o
 .ARM.attributes
                0x0000013a       0x39 Drivers\STM32L4xx_HAL_Driver\Src\stm32l4xx_hal_pwr_ex.o
 .ARM.attributes
                0x00000173       0x39 Drivers\STM32L4xx_HAL_Driver\Src\stm32l4xx_hal_rcc.o
 .ARM.attributes
                0x000001ac       0x39 Drivers\STM32L4xx_HAL_Driver\Src\stm32l4xx_hal_rcc_ex.o
 .ARM.attributes
                0x000001e5       0x39 Drivers\STM32L4xx_HAL_Driver\Src\stm32l4xx_hal_tim.o
 .ARM.attributes
                0x0000021e       0x39 Drivers\STM32L4xx_HAL_Driver\Src\stm32l4xx_hal_tim_ex.o
 .ARM.attributes
                0x00000257       0x39 Drivers\STM32L4xx_HAL_Driver\Src\stm32l4xx_hal_uart.o
 .ARM.attributes
                0x00000290       0x39 Drivers\STM32L4xx_HAL_Driver\Src\stm32l4xx_hal_uart_ex.o
 .ARM.attributes
                0x000002c9       0x39 Src\dma.o
 .ARM.attributes
                0x00000302       0x39 Src\gpio.o
 .ARM.attributes
                0x0000033b       0x39 Src\main.o
 .ARM.attributes
                0x00000374       0x39 Src\pid.o
 .ARM.attributes
                0x000003ad       0x39 Src\stm32l4xx_hal_msp.o
 .ARM.attributes
                0x000003e6       0x39 Src\stm32l4xx_it.o
 .ARM.attributes
                0x0000041f       0x39 Src\system_stm32l4xx.o
 .ARM.attributes
                0x00000458       0x39 Src\tim.o
 .ARM.attributes
                0x00000491       0x39 Src\usart.o
 .ARM.attributes
                0x000004ca       0x21 startup\startup_stm32l476xx.o
 .ARM.attributes
                0x000004eb       0x34 c:/program files (x86)/atollic/truestudio for stm32 9.3.0/armtools/bin/../lib/gcc/arm-atollic-eabi/6.3.1/../../../../arm-atollic-eabi/lib/armv7e-m/fpu\libc_nano.a(lib_a-init.o)
 .ARM.attributes
                0x0000051f       0x34 c:/program files (x86)/atollic/truestudio for stm32 9.3.0/armtools/bin/../lib/gcc/arm-atollic-eabi/6.3.1/../../../../arm-atollic-eabi/lib/armv7e-m/fpu\libc_nano.a(lib_a-memset.o)
 .ARM.attributes
                0x00000553       0x22 c:/program files (x86)/atollic/truestudio for stm32 9.3.0/armtools/bin/../lib/gcc/arm-atollic-eabi/6.3.1/armv7e-m/fpu\libgcc.a(_aeabi_uldivmod.o)
 .ARM.attributes
                0x00000575       0x34 c:/program files (x86)/atollic/truestudio for stm32 9.3.0/armtools/bin/../lib/gcc/arm-atollic-eabi/6.3.1/armv7e-m/fpu\libgcc.a(_udivmoddi4.o)
 .ARM.attributes
                0x000005a9       0x22 c:/program files (x86)/atollic/truestudio for stm32 9.3.0/armtools/bin/../lib/gcc/arm-atollic-eabi/6.3.1/armv7e-m/fpu\libgcc.a(_dvmd_tls.o)
 .ARM.attributes
                0x000005cb       0x22 c:/program files (x86)/atollic/truestudio for stm32 9.3.0/armtools/bin/../lib/gcc/arm-atollic-eabi/6.3.1/armv7e-m/fpu/crtn.o
OUTPUT(SR1.elf elf32-littlearm)

.debug_info     0x00000000     0xfcbe
 .debug_info    0x00000000      0xb41 Drivers\STM32L4xx_HAL_Driver\Src\stm32l4xx_hal.o
 .debug_info    0x00000b41      0xe09 Drivers\STM32L4xx_HAL_Driver\Src\stm32l4xx_hal_cortex.o
 .debug_info    0x0000194a      0x7b5 Drivers\STM32L4xx_HAL_Driver\Src\stm32l4xx_hal_dma.o
 .debug_info    0x000020ff      0x854 Drivers\STM32L4xx_HAL_Driver\Src\stm32l4xx_hal_gpio.o
 .debug_info    0x00002953      0xa9d Drivers\STM32L4xx_HAL_Driver\Src\stm32l4xx_hal_pwr_ex.o
 .debug_info    0x000033f0      0xbd0 Drivers\STM32L4xx_HAL_Driver\Src\stm32l4xx_hal_rcc.o
 .debug_info    0x00003fc0      0xde2 Drivers\STM32L4xx_HAL_Driver\Src\stm32l4xx_hal_rcc_ex.o
 .debug_info    0x00004da2     0x2345 Drivers\STM32L4xx_HAL_Driver\Src\stm32l4xx_hal_tim.o
 .debug_info    0x000070e7     0x11ed Drivers\STM32L4xx_HAL_Driver\Src\stm32l4xx_hal_tim_ex.o
 .debug_info    0x000082d4     0x1623 Drivers\STM32L4xx_HAL_Driver\Src\stm32l4xx_hal_uart.o
 .debug_info    0x000098f7      0x940 Drivers\STM32L4xx_HAL_Driver\Src\stm32l4xx_hal_uart_ex.o
 .debug_info    0x0000a237      0x5a9 Src\dma.o
 .debug_info    0x0000a7e0      0x537 Src\gpio.o
 .debug_info    0x0000ad17     0x1ac0 Src\main.o
 .debug_info    0x0000c7d7      0x42f Src\pid.o
 .debug_info    0x0000cc06      0x39c Src\stm32l4xx_hal_msp.o
 .debug_info    0x0000cfa2      0xa95 Src\stm32l4xx_it.o
 .debug_info    0x0000da37      0x5c9 Src\system_stm32l4xx.o
 .debug_info    0x0000e000      0xf51 Src\tim.o
 .debug_info    0x0000ef51      0xd00 Src\usart.o
 .debug_info    0x0000fc51       0x6d startup\startup_stm32l476xx.o

.debug_abbrev   0x00000000     0x2427
 .debug_abbrev  0x00000000      0x1da Drivers\STM32L4xx_HAL_Driver\Src\stm32l4xx_hal.o
 .debug_abbrev  0x000001da      0x2be Drivers\STM32L4xx_HAL_Driver\Src\stm32l4xx_hal_cortex.o
 .debug_abbrev  0x00000498      0x1d4 Drivers\STM32L4xx_HAL_Driver\Src\stm32l4xx_hal_dma.o
 .debug_abbrev  0x0000066c      0x1bb Drivers\STM32L4xx_HAL_Driver\Src\stm32l4xx_hal_gpio.o
 .debug_abbrev  0x00000827      0x1e4 Drivers\STM32L4xx_HAL_Driver\Src\stm32l4xx_hal_pwr_ex.o
 .debug_abbrev  0x00000a0b      0x240 Drivers\STM32L4xx_HAL_Driver\Src\stm32l4xx_hal_rcc.o
 .debug_abbrev  0x00000c4b      0x233 Drivers\STM32L4xx_HAL_Driver\Src\stm32l4xx_hal_rcc_ex.o
 .debug_abbrev  0x00000e7e      0x21e Drivers\STM32L4xx_HAL_Driver\Src\stm32l4xx_hal_tim.o
 .debug_abbrev  0x0000109c      0x226 Drivers\STM32L4xx_HAL_Driver\Src\stm32l4xx_hal_tim_ex.o
 .debug_abbrev  0x000012c2      0x200 Drivers\STM32L4xx_HAL_Driver\Src\stm32l4xx_hal_uart.o
 .debug_abbrev  0x000014c2      0x1dd Drivers\STM32L4xx_HAL_Driver\Src\stm32l4xx_hal_uart_ex.o
 .debug_abbrev  0x0000169f      0x102 Src\dma.o
 .debug_abbrev  0x000017a1      0x12f Src\gpio.o
 .debug_abbrev  0x000018d0      0x2ea Src\main.o
 .debug_abbrev  0x00001bba      0x109 Src\pid.o
 .debug_abbrev  0x00001cc3       0xec Src\stm32l4xx_hal_msp.o
 .debug_abbrev  0x00001daf      0x162 Src\stm32l4xx_it.o
 .debug_abbrev  0x00001f11      0x12f Src\system_stm32l4xx.o
 .debug_abbrev  0x00002040      0x227 Src\tim.o
 .debug_abbrev  0x00002267      0x1ae Src\usart.o
 .debug_abbrev  0x00002415       0x12 startup\startup_stm32l476xx.o

.debug_aranges  0x00000000      0xf58
 .debug_aranges
                0x00000000      0x118 Drivers\STM32L4xx_HAL_Driver\Src\stm32l4xx_hal.o
 .debug_aranges
                0x00000118      0x118 Drivers\STM32L4xx_HAL_Driver\Src\stm32l4xx_hal_cortex.o
 .debug_aranges
                0x00000230       0x80 Drivers\STM32L4xx_HAL_Driver\Src\stm32l4xx_hal_dma.o
 .debug_aranges
                0x000002b0       0x58 Drivers\STM32L4xx_HAL_Driver\Src\stm32l4xx_hal_gpio.o
 .debug_aranges
                0x00000308      0x148 Drivers\STM32L4xx_HAL_Driver\Src\stm32l4xx_hal_pwr_ex.o
 .debug_aranges
                0x00000450       0x88 Drivers\STM32L4xx_HAL_Driver\Src\stm32l4xx_hal_rcc.o
 .debug_aranges
                0x000004d8       0xc0 Drivers\STM32L4xx_HAL_Driver\Src\stm32l4xx_hal_rcc_ex.o
 .debug_aranges
                0x00000598      0x378 Drivers\STM32L4xx_HAL_Driver\Src\stm32l4xx_hal_tim.o
 .debug_aranges
                0x00000910      0x158 Drivers\STM32L4xx_HAL_Driver\Src\stm32l4xx_hal_tim_ex.o
 .debug_aranges
                0x00000a68      0x1f8 Drivers\STM32L4xx_HAL_Driver\Src\stm32l4xx_hal_uart.o
 .debug_aranges
                0x00000c60       0x60 Drivers\STM32L4xx_HAL_Driver\Src\stm32l4xx_hal_uart_ex.o
 .debug_aranges
                0x00000cc0       0x20 Src\dma.o
 .debug_aranges
                0x00000ce0       0x20 Src\gpio.o
 .debug_aranges
                0x00000d00       0x78 Src\main.o
 .debug_aranges
                0x00000d78       0x68 Src\pid.o
 .debug_aranges
                0x00000de0       0x20 Src\stm32l4xx_hal_msp.o
 .debug_aranges
                0x00000e00       0x80 Src\stm32l4xx_it.o
 .debug_aranges
                0x00000e80       0x28 Src\system_stm32l4xx.o
 .debug_aranges
                0x00000ea8       0x58 Src\tim.o
 .debug_aranges
                0x00000f00       0x30 Src\usart.o
 .debug_aranges
                0x00000f30       0x28 startup\startup_stm32l476xx.o

.debug_ranges   0x00000000      0xe10
 .debug_ranges  0x00000000      0x108 Drivers\STM32L4xx_HAL_Driver\Src\stm32l4xx_hal.o
 .debug_ranges  0x00000108      0x108 Drivers\STM32L4xx_HAL_Driver\Src\stm32l4xx_hal_cortex.o
 .debug_ranges  0x00000210       0x70 Drivers\STM32L4xx_HAL_Driver\Src\stm32l4xx_hal_dma.o
 .debug_ranges  0x00000280       0x48 Drivers\STM32L4xx_HAL_Driver\Src\stm32l4xx_hal_gpio.o
 .debug_ranges  0x000002c8      0x138 Drivers\STM32L4xx_HAL_Driver\Src\stm32l4xx_hal_pwr_ex.o
 .debug_ranges  0x00000400       0x78 Drivers\STM32L4xx_HAL_Driver\Src\stm32l4xx_hal_rcc.o
 .debug_ranges  0x00000478       0xb0 Drivers\STM32L4xx_HAL_Driver\Src\stm32l4xx_hal_rcc_ex.o
 .debug_ranges  0x00000528      0x368 Drivers\STM32L4xx_HAL_Driver\Src\stm32l4xx_hal_tim.o
 .debug_ranges  0x00000890      0x148 Drivers\STM32L4xx_HAL_Driver\Src\stm32l4xx_hal_tim_ex.o
 .debug_ranges  0x000009d8      0x1e8 Drivers\STM32L4xx_HAL_Driver\Src\stm32l4xx_hal_uart.o
 .debug_ranges  0x00000bc0       0x50 Drivers\STM32L4xx_HAL_Driver\Src\stm32l4xx_hal_uart_ex.o
 .debug_ranges  0x00000c10       0x10 Src\dma.o
 .debug_ranges  0x00000c20       0x10 Src\gpio.o
 .debug_ranges  0x00000c30       0x68 Src\main.o
 .debug_ranges  0x00000c98       0x58 Src\pid.o
 .debug_ranges  0x00000cf0       0x10 Src\stm32l4xx_hal_msp.o
 .debug_ranges  0x00000d00       0x70 Src\stm32l4xx_it.o
 .debug_ranges  0x00000d70       0x18 Src\system_stm32l4xx.o
 .debug_ranges  0x00000d88       0x48 Src\tim.o
 .debug_ranges  0x00000dd0       0x20 Src\usart.o
 .debug_ranges  0x00000df0       0x20 startup\startup_stm32l476xx.o

.debug_line     0x00000000     0x6d5c
 .debug_line    0x00000000      0x46a Drivers\STM32L4xx_HAL_Driver\Src\stm32l4xx_hal.o
 .debug_line    0x0000046a      0x53d Drivers\STM32L4xx_HAL_Driver\Src\stm32l4xx_hal_cortex.o
 .debug_line    0x000009a7      0x444 Drivers\STM32L4xx_HAL_Driver\Src\stm32l4xx_hal_dma.o
 .debug_line    0x00000deb      0x3de Drivers\STM32L4xx_HAL_Driver\Src\stm32l4xx_hal_gpio.o
 .debug_line    0x000011c9      0x601 Drivers\STM32L4xx_HAL_Driver\Src\stm32l4xx_hal_pwr_ex.o
 .debug_line    0x000017ca      0x536 Drivers\STM32L4xx_HAL_Driver\Src\stm32l4xx_hal_rcc.o
 .debug_line    0x00001d00      0x801 Drivers\STM32L4xx_HAL_Driver\Src\stm32l4xx_hal_rcc_ex.o
 .debug_line    0x00002501     0x1610 Drivers\STM32L4xx_HAL_Driver\Src\stm32l4xx_hal_tim.o
 .debug_line    0x00003b11      0x90d Drivers\STM32L4xx_HAL_Driver\Src\stm32l4xx_hal_tim_ex.o
 .debug_line    0x0000441e      0xd6c Drivers\STM32L4xx_HAL_Driver\Src\stm32l4xx_hal_uart.o
 .debug_line    0x0000518a      0x3b7 Drivers\STM32L4xx_HAL_Driver\Src\stm32l4xx_hal_uart_ex.o
 .debug_line    0x00005541      0x1d9 Src\dma.o
 .debug_line    0x0000571a      0x25b Src\gpio.o
 .debug_line    0x00005975      0x457 Src\main.o
 .debug_line    0x00005dcc      0x205 Src\pid.o
 .debug_line    0x00005fd1      0x1e5 Src\stm32l4xx_hal_msp.o
 .debug_line    0x000061b6      0x31c Src\stm32l4xx_it.o
 .debug_line    0x000064d2      0x229 Src\system_stm32l4xx.o
 .debug_line    0x000066fb      0x346 Src\tim.o
 .debug_line    0x00006a41      0x29c Src\usart.o
 .debug_line    0x00006cdd       0x7f startup\startup_stm32l476xx.o

.debug_str      0x00000000     0x4dc4
 .debug_str     0x00000000      0xc42 Drivers\STM32L4xx_HAL_Driver\Src\stm32l4xx_hal.o
                                0xcc4 (size before relaxing)
 .debug_str     0x00000c42      0x408 Drivers\STM32L4xx_HAL_Driver\Src\stm32l4xx_hal_cortex.o
                                0xc6d (size before relaxing)
 .debug_str     0x0000104a      0x416 Drivers\STM32L4xx_HAL_Driver\Src\stm32l4xx_hal_dma.o
                                0x6b9 (size before relaxing)
 .debug_str     0x00001460      0x1da Drivers\STM32L4xx_HAL_Driver\Src\stm32l4xx_hal_gpio.o
                                0x5c2 (size before relaxing)
 .debug_str     0x0000163a      0x52b Drivers\STM32L4xx_HAL_Driver\Src\stm32l4xx_hal_pwr_ex.o
                                0x845 (size before relaxing)
 .debug_str     0x00001b65      0x351 Drivers\STM32L4xx_HAL_Driver\Src\stm32l4xx_hal_rcc.o
                                0x85e (size before relaxing)
 .debug_str     0x00001eb6      0x562 Drivers\STM32L4xx_HAL_Driver\Src\stm32l4xx_hal_rcc_ex.o
                                0xaa0 (size before relaxing)
 .debug_str     0x00002418      0xf4c Drivers\STM32L4xx_HAL_Driver\Src\stm32l4xx_hal_tim.o
                               0x1407 (size before relaxing)
 .debug_str     0x00003364      0x672 Drivers\STM32L4xx_HAL_Driver\Src\stm32l4xx_hal_tim_ex.o
                                0xde6 (size before relaxing)
 .debug_str     0x000039d6      0x923 Drivers\STM32L4xx_HAL_Driver\Src\stm32l4xx_hal_uart.o
                                0xf15 (size before relaxing)
 .debug_str     0x000042f9      0x19f Drivers\STM32L4xx_HAL_Driver\Src\stm32l4xx_hal_uart_ex.o
                                0x8c1 (size before relaxing)
 .debug_str     0x00004498       0x19 Src\dma.o
                                0x858 (size before relaxing)
 .debug_str     0x000044b1       0x1b Src\gpio.o
                                0x41b (size before relaxing)
 .debug_str     0x000044cc      0x61d Src\main.o
                               0x13a1 (size before relaxing)
 .debug_str     0x00004ae9       0xbd Src\pid.o
                                0x327 (size before relaxing)
 .debug_str     0x00004ba6       0x1b Src\stm32l4xx_hal_msp.o
                                0x385 (size before relaxing)
 .debug_str     0x00004bc1      0x118 Src\stm32l4xx_it.o
                                0xa0d (size before relaxing)
 .debug_str     0x00004cd9       0x3b Src\system_stm32l4xx.o
                                0x410 (size before relaxing)
 .debug_str     0x00004d14       0x82 Src\tim.o
                                0xf36 (size before relaxing)
 .debug_str     0x00004d96       0x2e Src\usart.o
                                0xdca (size before relaxing)

.comment        0x00000000       0x7c
 .comment       0x00000000       0x7c Drivers\STM32L4xx_HAL_Driver\Src\stm32l4xx_hal.o
                                 0x7d (size before relaxing)
 .comment       0x0000007c       0x7d Drivers\STM32L4xx_HAL_Driver\Src\stm32l4xx_hal_cortex.o
 .comment       0x0000007c       0x7d Drivers\STM32L4xx_HAL_Driver\Src\stm32l4xx_hal_dma.o
 .comment       0x0000007c       0x7d Drivers\STM32L4xx_HAL_Driver\Src\stm32l4xx_hal_gpio.o
 .comment       0x0000007c       0x7d Drivers\STM32L4xx_HAL_Driver\Src\stm32l4xx_hal_pwr_ex.o
 .comment       0x0000007c       0x7d Drivers\STM32L4xx_HAL_Driver\Src\stm32l4xx_hal_rcc.o
 .comment       0x0000007c       0x7d Drivers\STM32L4xx_HAL_Driver\Src\stm32l4xx_hal_rcc_ex.o
 .comment       0x0000007c       0x7d Drivers\STM32L4xx_HAL_Driver\Src\stm32l4xx_hal_tim.o
 .comment       0x0000007c       0x7d Drivers\STM32L4xx_HAL_Driver\Src\stm32l4xx_hal_tim_ex.o
 .comment       0x0000007c       0x7d Drivers\STM32L4xx_HAL_Driver\Src\stm32l4xx_hal_uart.o
 .comment       0x0000007c       0x7d Drivers\STM32L4xx_HAL_Driver\Src\stm32l4xx_hal_uart_ex.o
 .comment       0x0000007c       0x7d Src\dma.o
 .comment       0x0000007c       0x7d Src\gpio.o
 .comment       0x0000007c       0x7d Src\main.o
 .comment       0x0000007c       0x7d Src\pid.o
 .comment       0x0000007c       0x7d Src\stm32l4xx_hal_msp.o
 .comment       0x0000007c       0x7d Src\stm32l4xx_it.o
 .comment       0x0000007c       0x7d Src\system_stm32l4xx.o
 .comment       0x0000007c       0x7d Src\tim.o
 .comment       0x0000007c       0x7d Src\usart.o

.debug_frame    0x00000000     0x3ecc
 .debug_frame   0x00000000      0x434 Drivers\STM32L4xx_HAL_Driver\Src\stm32l4xx_hal.o
 .debug_frame   0x00000434      0x498 Drivers\STM32L4xx_HAL_Driver\Src\stm32l4xx_hal_cortex.o
 .debug_frame   0x000008cc      0x204 Drivers\STM32L4xx_HAL_Driver\Src\stm32l4xx_hal_dma.o
 .debug_frame   0x00000ad0      0x14c Drivers\STM32L4xx_HAL_Driver\Src\stm32l4xx_hal_gpio.o
 .debug_frame   0x00000c1c      0x524 Drivers\STM32L4xx_HAL_Driver\Src\stm32l4xx_hal_pwr_ex.o
 .debug_frame   0x00001140      0x1f4 Drivers\STM32L4xx_HAL_Driver\Src\stm32l4xx_hal_rcc.o
 .debug_frame   0x00001334      0x2fc Drivers\STM32L4xx_HAL_Driver\Src\stm32l4xx_hal_rcc_ex.o
 .debug_frame   0x00001630     0x101c Drivers\STM32L4xx_HAL_Driver\Src\stm32l4xx_hal_tim.o
 .debug_frame   0x0000264c      0x5ec Drivers\STM32L4xx_HAL_Driver\Src\stm32l4xx_hal_tim_ex.o
 .debug_frame   0x00002c38      0x900 Drivers\STM32L4xx_HAL_Driver\Src\stm32l4xx_hal_uart.o
 .debug_frame   0x00003538      0x170 Drivers\STM32L4xx_HAL_Driver\Src\stm32l4xx_hal_uart_ex.o
 .debug_frame   0x000036a8       0x34 Src\dma.o
 .debug_frame   0x000036dc       0x38 Src\gpio.o
 .debug_frame   0x00003714      0x1c4 Src\main.o
 .debug_frame   0x000038d8      0x190 Src\pid.o
 .debug_frame   0x00003a68       0x38 Src\stm32l4xx_hal_msp.o
 .debug_frame   0x00003aa0      0x17c Src\stm32l4xx_it.o
 .debug_frame   0x00003c1c       0x58 Src\system_stm32l4xx.o
 .debug_frame   0x00003c74      0x138 Src\tim.o
 .debug_frame   0x00003dac       0x74 Src\usart.o
 .debug_frame   0x00003e20       0x2c c:/program files (x86)/atollic/truestudio for stm32 9.3.0/armtools/bin/../lib/gcc/arm-atollic-eabi/6.3.1/../../../../arm-atollic-eabi/lib/armv7e-m/fpu\libc_nano.a(lib_a-init.o)
 .debug_frame   0x00003e4c       0x20 c:/program files (x86)/atollic/truestudio for stm32 9.3.0/armtools/bin/../lib/gcc/arm-atollic-eabi/6.3.1/../../../../arm-atollic-eabi/lib/armv7e-m/fpu\libc_nano.a(lib_a-memset.o)
 .debug_frame   0x00003e6c       0x2c c:/program files (x86)/atollic/truestudio for stm32 9.3.0/armtools/bin/../lib/gcc/arm-atollic-eabi/6.3.1/armv7e-m/fpu\libgcc.a(_aeabi_uldivmod.o)
 .debug_frame   0x00003e98       0x34 c:/program files (x86)/atollic/truestudio for stm32 9.3.0/armtools/bin/../lib/gcc/arm-atollic-eabi/6.3.1/armv7e-m/fpu\libgcc.a(_udivmoddi4.o)
